Archive member included because of file (symbol)

/home/local/bin/../lib/gcc-lib/h8300-hms/3.3.6/h8300h/int32/libgcc.a(_mulsi3.o)
                              timer.o (___mulsi3)
/home/local/bin/../lib/gcc-lib/h8300-hms/3.3.6/h8300h/int32/libgcc.a(_divsi3.o)
                              timer.o (___udivsi3)
/home/local/bin/../lib/gcc-lib/h8300-hms/3.3.6/../../../../h8300-hms/lib/h8300h/int32/libg.a(lib_a-strlen.o)
                              lcd.o (_strlen)

Allocating common symbols
Common symbol       size              file

disp_flag           0x4               linetracer.o
adbufdp             0x4               linetracer.o
turn_flag           0x4               linetracer.o
rightval            0x1               linetracer.o
lcd_str_lower       0x9               linetracer.o
adbuf               0x20              linetracer.o
ad_val_hold         0x4               linetracer.o
mode                0x4               linetracer.o
lcd_str_upper       0x9               linetracer.o
leftval             0x1               linetracer.o
disp_time           0x4               linetracer.o
ad_time             0x4               linetracer.o
control_time        0x4               linetracer.o
key_time            0x4               linetracer.o

Memory Configuration

Name             Origin             Length             Attributes
vectors          0x00ffe000         0x00000100
ram              0x00400000         0x001f0000

Linker script and memory map

LOAD ./ramcrt-ext.o
LOAD linetracer.o
LOAD ad.o
LOAD lcd.o
LOAD sci2.o
LOAD timer.o
LOAD /home/local/bin/../lib/gcc-lib/h8300-hms/3.3.6/h8300h/int32/libgcc.a
LOAD /home/local/bin/../lib/gcc-lib/h8300-hms/3.3.6/../../../../h8300-hms/lib/h8300h/int32/libg.a
LOAD /home/local/bin/../lib/gcc-lib/h8300-hms/3.3.6/../../../../h8300-hms/lib/h8300h/int32/libc.a
LOAD /home/local/bin/../lib/gcc-lib/h8300-hms/3.3.6/h8300h/int32/libgcc.a
                0x00ffff20                PROVIDE (_stack, 0xffff20)
                0x00600000                PROVIDE (__ext_stack, 0x600000)

.vectors        0x00ffe000      0x100
                0x00ffe000        0x4 LONG 0x400000 <code 340> (_start)
                0x00ffe004        0x4 LONG 0x400000 <code 340> (_start)
                0x00ffe008        0x4 LONG 0x400000 <code 340> (_start)
                0x00ffe00c        0x4 LONG 0x400000 <code 340> (_start)
                0x00ffe010        0x4 LONG 0x400000 <code 340> (_start)
                0x00ffe014        0x4 LONG 0x400000 <code 340> (_start)
                0x00ffe018        0x4 LONG 0x400000 <code 340> (_start)
                0x00ffe01c        0x4 LONG 0x400000 DEFINED (_int_nmi)?<code 340> (_int_nmi):<code 340> (_start)
                0x00ffe020        0x4 LONG 0x400000 DEFINED (_int_trap0)?<code 340> (_int_trap0):<code 340> (_start)
                0x00ffe024        0x4 LONG 0x400000 DEFINED (_int_trap1)?<code 340> (_int_trap1):<code 340> (_start)
                0x00ffe028        0x4 LONG 0x400000 DEFINED (_int_trap2)?<code 340> (_int_trap2):<code 340> (_start)
                0x00ffe02c        0x4 LONG 0x400000 DEFINED (_int_trap3)?<code 340> (_int_trap3):<code 340> (_start)
                0x00ffe030        0x4 LONG 0x400000 DEFINED (_int_irq0)?<code 340> (_int_irq0):<code 340> (_start)
                0x00ffe034        0x4 LONG 0x400000 DEFINED (_int_irq1)?<code 340> (_int_irq1):<code 340> (_start)
                0x00ffe038        0x4 LONG 0x400000 DEFINED (_int_irq2)?<code 340> (_int_irq2):<code 340> (_start)
                0x00ffe03c        0x4 LONG 0x400000 DEFINED (_int_irq3)?<code 340> (_int_irq3):<code 340> (_start)
                0x00ffe040        0x4 LONG 0x400000 DEFINED (_int_irq4)?<code 340> (_int_irq4):<code 340> (_start)
                0x00ffe044        0x4 LONG 0x400000 DEFINED (_int_irq5)?<code 340> (_int_irq5):<code 340> (_start)
                0x00ffe048        0x4 LONG 0x400000 <code 340> (_start)
                0x00ffe04c        0x4 LONG 0x400000 <code 340> (_start)
                0x00ffe050        0x4 LONG 0x400000 DEFINED (_int_wovi)?<code 340> (_int_wovi):<code 340> (_start)
                0x00ffe054        0x4 LONG 0x400000 <code 340> (_start)
                0x00ffe058        0x4 LONG 0x400000 <code 340> (_start)
                0x00ffe05c        0x4 LONG 0x400188 DEFINED (_int_adi)?<code 340> (_int_adi):<code 340> (_start)
                0x00ffe060        0x4 LONG 0x4000b8 DEFINED (_int_imia0)?<code 340> (_int_imia0):<code 340> (_start)
                0x00ffe064        0x4 LONG 0x400000 DEFINED (_int_imib0)?<code 340> (_int_imib0):<code 340> (_start)
                0x00ffe068        0x4 LONG 0x400000 DEFINED (_int_ovi0)?<code 340> (_int_ovi0):<code 340> (_start)
                0x00ffe06c        0x4 LONG 0x400000 <code 340> (_start)
                0x00ffe070        0x4 LONG 0x400000 DEFINED (_int_imia1)?<code 340> (_int_imia1):<code 340> (_start)
                0x00ffe074        0x4 LONG 0x400000 DEFINED (_int_imib1)?<code 340> (_int_imib1):<code 340> (_start)
                0x00ffe078        0x4 LONG 0x400000 DEFINED (_int_ovi1)?<code 340> (_int_ovi1):<code 340> (_start)
                0x00ffe07c        0x4 LONG 0x400000 <code 340> (_start)
                0x00ffe080        0x4 LONG 0x400000 DEFINED (_int_imia2)?<code 340> (_int_imia2):<code 340> (_start)
                0x00ffe084        0x4 LONG 0x400000 DEFINED (_int_imib2)?<code 340> (_int_imib2):<code 340> (_start)
                0x00ffe088        0x4 LONG 0x400000 DEFINED (_int_ovi2)?<code 340> (_int_ovi2):<code 340> (_start)
                0x00ffe08c        0x4 LONG 0x400000 <code 340> (_start)
                0x00ffe090        0x4 LONG 0x400000 DEFINED (_int_cmia0)?<code 340> (_int_cmia0):<code 340> (_start)
                0x00ffe094        0x4 LONG 0x400000 DEFINED (_int_cmib0)?<code 340> (_int_cmib0):<code 340> (_start)
                0x00ffe098        0x4 LONG 0x400000 DEFINED (_int_cmia1_cmib1)?<code 340> (_int_cmia1_cmib1):<code 340> (_start)
                0x00ffe09c        0x4 LONG 0x400000 DEFINED (_int_tovi0_tovi1)?<code 340> (_int_tovi0_tovi1):<code 340> (_start)
                0x00ffe0a0        0x4 LONG 0x400000 DEFINED (_int_cmia2)?<code 340> (_int_cmia2):<code 340> (_start)
                0x00ffe0a4        0x4 LONG 0x400000 DEFINED (_int_cmib2)?<code 340> (_int_cmib2):<code 340> (_start)
                0x00ffe0a8        0x4 LONG 0x400000 DEFINED (_int_cmia3_cmib3)?<code 340> (_int_cmia3_cmib3):<code 340> (_start)
                0x00ffe0ac        0x4 LONG 0x400000 DEFINED (_int_tovi2_tovi3)?<code 340> (_int_tovi2_tovi3):<code 340> (_start)
                0x00ffe0b0        0x4 LONG 0x400000 <code 340> (_start)
                0x00ffe0b4        0x4 LONG 0x400000 <code 340> (_start)
                0x00ffe0b8        0x4 LONG 0x400000 <code 340> (_start)
                0x00ffe0bc        0x4 LONG 0x400000 <code 340> (_start)
                0x00ffe0c0        0x4 LONG 0x400000 <code 340> (_start)
                0x00ffe0c4        0x4 LONG 0x400000 <code 340> (_start)
                0x00ffe0c8        0x4 LONG 0x400000 <code 340> (_start)
                0x00ffe0cc        0x4 LONG 0x400000 <code 340> (_start)
                0x00ffe0d0        0x4 LONG 0x400000 DEFINED (_int_eri0)?<code 340> (_int_eri0):<code 340> (_start)
                0x00ffe0d4        0x4 LONG 0x400000 DEFINED (_int_rxi0)?<code 340> (_int_rxi0):<code 340> (_start)
                0x00ffe0d8        0x4 LONG 0x400000 DEFINED (_int_txi0)?<code 340> (_int_txi0):<code 340> (_start)
                0x00ffe0dc        0x4 LONG 0x400000 DEFINED (_int_tei0)?<code 340> (_int_tei0):<code 340> (_start)
                0x00ffe0e0        0x4 LONG 0x400000 DEFINED (_int_eri1)?<code 340> (_int_eri1):<code 340> (_start)
                0x00ffe0e4        0x4 LONG 0x400000 DEFINED (_int_rxi1)?<code 340> (_int_rxi1):<code 340> (_start)
                0x00ffe0e8        0x4 LONG 0x400000 DEFINED (_int_txi1)?<code 340> (_int_txi1):<code 340> (_start)
                0x00ffe0ec        0x4 LONG 0x400000 DEFINED (_int_tei1)?<code 340> (_int_tei1):<code 340> (_start)
                0x00ffe0f0        0x4 LONG 0x400000 <code 340> (_start)
                0x00ffe0f4        0x4 LONG 0x400000 <code 340> (_start)
                0x00ffe0f8        0x4 LONG 0x400000 <code 340> (_start)
                0x00ffe0fc        0x4 LONG 0x400000 <code 340> (_start)

.text           0x00400000      0xcee
                0x00400000                __text_start = .
 *(.text)
 .text          0x00400000        0xc ./ramcrt-ext.o
                                  0xe (size before relaxing)
                0x00400000                _start
 .text          0x0040000c      0x530 linetracer.o
                                0x536 (size before relaxing)
                0x00400188                _int_adi
                0x004003d2                _set_str
                0x00400228                _ad_read
                0x004004c6                _init_disp_str
                0x00400506                _disp
                0x004000b8                _int_imia0
                0x00400294                _control_proc
                0x0040000c                _main
 .text          0x0040053c       0x82 ad.o
                0x0040053c                _ad_init
                0x0040057e                _ad_scan
                0x004005a6                _ad_stop
                0x00400558                _ad_start
 .text          0x004005be      0x1a8 lcd.o
                                0x1b0 (size before relaxing)
                0x004005be                _lcd_init
                0x0040073e                _wait1ms
                0x004006b4                _lcd_printstr
                0x004006f8                _lcd_printch
                0x0040064a                _lcd_cursor
                0x0040069a                _lcd_clear
                0x00400708                _lcd_putch
 .text          0x00400766      0x1a6 sci2.o
                                0x1b0 (size before relaxing)
                0x004008f2                _putch
                0x00400792                _numtohex
                0x0040088c                _putstr
                0x004007c6                _gethex
                0x00400818                _getch
                0x00400766                _init_sci2
                0x004007ac                _hextonum
 .text          0x0040090c      0x2ca timer.o
                0x0040090c                _timer_set
                0x00400b7e                _timer_init
                0x00400b28                _timer_start
                0x00400b52                _timer_stop
                0x00400bae                _timer_intflag_reset
 .text          0x00400bd6       0x18 /home/local/bin/../lib/gcc-lib/h8300-hms/3.3.6/h8300h/int32/libgcc.a(_mulsi3.o)
                0x00400bd6                ___mulsi3
 .text          0x00400bee       0xc4 /home/local/bin/../lib/gcc-lib/h8300-hms/3.3.6/h8300h/int32/libgcc.a(_divsi3.o)
                                 0xc8 (size before relaxing)
                0x00400c3a                ___umodsi3
                0x00400c4e                ___divsi3
                0x00400c14                ___modsi3
                0x00400c28                ___udivsi3
 .text          0x00400cb2       0x3c /home/local/bin/../lib/gcc-lib/h8300-hms/3.3.6/../../../../h8300-hms/lib/h8300h/int32/libg.a(lib_a-strlen.o)
                0x00400cb2                _strlen
 *(.rodata)
 *(.strings)
                0x00400cee                __text_end = .

.tors           0x00400cee        0x0
                0x00400cee                ___ctors = .
 *(.ctors)
                0x00400cee                ___ctors_end = .
                0x00400cee                ___dtors = .
 *(.dtors)
                0x00400cee                ___dtors_end = .

.data           0x00400cee        0x0
                0x00400cee                __data_start = .
 *(.data)
                0x00400cee                __edata = .

.bss            0x00400cf0       0x64
                0x00400cf0                __bss_start = .
 *(.bss)
 *(COMMON)
 COMMON         0x00400cf0       0x64 linetracer.o
                0x00400cf0                _disp_flag
                0x00400cf4                _adbufdp
                0x00400cf8                _turn_flag
                0x00400cfc                _rightval
                0x00400d00                _lcd_str_lower
                0x00400d10                _adbuf
                0x00400d30                _ad_val_hold
                0x00400d34                _mode
                0x00400d38                _lcd_str_upper
                0x00400d41                _leftval
                0x00400d44                _disp_time
                0x00400d48                _ad_time
                0x00400d4c                _control_time
                0x00400d50                _key_time
                0x00400d54                __bss_end = .
OUTPUT(line_tracer.coff coff-h8300)
